  Determining projects to restore...
  Restored C:\Users\vmura\source\repos\ProductWebSite\SatisSitesi.Application\SatisSitesi.Application.csproj (in 187 ms).
  Restored C:\Users\vmura\source\repos\ProductWebSite\SatisSitesi.Domain\SatisSitesi.Domain.csproj (in 187 ms).
C:\Users\vmura\source\repos\ProductWebSite\SatisSitesi.Domain\Entities\OrderEntity.cs(35,123): warning CS8625: Cannot convert null literal to non-nullable reference type. [C:\Users\vmura\source\repos\ProductWebSite\SatisSitesi.Domain\SatisSitesi.Domain.csproj]
C:\Users\vmura\source\repos\ProductWebSite\SatisSitesi.Domain\Entities\ProductEntity.cs(30,89): warning CS8625: Cannot convert null literal to non-nullable reference type. [C:\Users\vmura\source\repos\ProductWebSite\SatisSitesi.Domain\SatisSitesi.Domain.csproj]
C:\Users\vmura\source\repos\ProductWebSite\SatisSitesi.Domain\Entities\ProductEntity.cs(44,130): warning CS8625: Cannot convert null literal to non-nullable reference type. [C:\Users\vmura\source\repos\ProductWebSite\SatisSitesi.Domain\SatisSitesi.Domain.csproj]
C:\Users\vmura\source\repos\ProductWebSite\SatisSitesi.Domain\Entities\UserEntity.cs(12,23): warning CS8618: Non-nullable property 'Username' must contain a non-null value when exiting constructor. Consider adding the 'required' modifier or declaring the property as nullable. [C:\Users\vmura\source\repos\ProductWebSite\SatisSitesi.Domain\SatisSitesi.Domain.csproj]
C:\Users\vmura\source\repos\ProductWebSite\SatisSitesi.Domain\Entities\UserEntity.cs(16,23): warning CS8618: Non-nullable property 'Email' must contain a non-null value when exiting constructor. Consider adding the 'required' modifier or declaring the property as nullable. [C:\Users\vmura\source\repos\ProductWebSite\SatisSitesi.Domain\SatisSitesi.Domain.csproj]
C:\Users\vmura\source\repos\ProductWebSite\SatisSitesi.Domain\Entities\UserEntity.cs(19,23): warning CS8618: Non-nullable property 'Password' must contain a non-null value when exiting constructor. Consider adding the 'required' modifier or declaring the property as nullable. [C:\Users\vmura\source\repos\ProductWebSite\SatisSitesi.Domain\SatisSitesi.Domain.csproj]
C:\Users\vmura\source\repos\ProductWebSite\SatisSitesi.Domain\Entities\HelloEntity.cs(9,23): warning CS8618: Non-nullable property 'Name' must contain a non-null value when exiting constructor. Consider adding the 'required' modifier or declaring the property as nullable. [C:\Users\vmura\source\repos\ProductWebSite\SatisSitesi.Domain\SatisSitesi.Domain.csproj]
C:\Users\vmura\source\repos\ProductWebSite\SatisSitesi.Domain\Entities\CartEntity.cs(11,23): warning CS8618: Non-nullable property 'ProductId' must contain a non-null value when exiting constructor. Consider adding the 'required' modifier or declaring the property as nullable. [C:\Users\vmura\source\repos\ProductWebSite\SatisSitesi.Domain\SatisSitesi.Domain.csproj]
C:\Users\vmura\source\repos\ProductWebSite\SatisSitesi.Domain\Entities\CartEntity.cs(5,23): warning CS8618: Non-nullable property 'UserId' must contain a non-null value when exiting constructor. Consider adding the 'required' modifier or declaring the property as nullable. [C:\Users\vmura\source\repos\ProductWebSite\SatisSitesi.Domain\SatisSitesi.Domain.csproj]
C:\Users\vmura\source\repos\ProductWebSite\SatisSitesi.Domain\Entities\NameEntity.cs(12,23): warning CS8618: Non-nullable property 'Name' must contain a non-null value when exiting constructor. Consider adding the 'required' modifier or declaring the property as nullable. [C:\Users\vmura\source\repos\ProductWebSite\SatisSitesi.Domain\SatisSitesi.Domain.csproj]
C:\Users\vmura\source\repos\ProductWebSite\SatisSitesi.Domain\Entities\BaseEntity.cs(10,23): warning CS8618: Non-nullable property 'Id' must contain a non-null value when exiting constructor. Consider adding the 'required' modifier or declaring the property as nullable. [C:\Users\vmura\source\repos\ProductWebSite\SatisSitesi.Domain\SatisSitesi.Domain.csproj]
C:\Users\vmura\source\repos\ProductWebSite\SatisSitesi.Domain\Entities\OrderEntity.cs(12,23): warning CS8618: Non-nullable property 'UserId' must contain a non-null value when exiting constructor. Consider adding the 'required' modifier or declaring the property as nullable. [C:\Users\vmura\source\repos\ProductWebSite\SatisSitesi.Domain\SatisSitesi.Domain.csproj]
C:\Users\vmura\source\repos\ProductWebSite\SatisSitesi.Domain\Entities\OrderEntity.cs(14,23): warning CS8618: Non-nullable property 'UserEmail' must contain a non-null value when exiting constructor. Consider adding the 'required' modifier or declaring the property as nullable. [C:\Users\vmura\source\repos\ProductWebSite\SatisSitesi.Domain\SatisSitesi.Domain.csproj]
C:\Users\vmura\source\repos\ProductWebSite\SatisSitesi.Domain\Entities\OrderEntity.cs(16,32): warning CS8618: Non-nullable property 'Items' must contain a non-null value when exiting constructor. Consider adding the 'required' modifier or declaring the property as nullable. [C:\Users\vmura\source\repos\ProductWebSite\SatisSitesi.Domain\SatisSitesi.Domain.csproj]
C:\Users\vmura\source\repos\ProductWebSite\SatisSitesi.Domain\Entities\OrderEntity.cs(25,23): warning CS8618: Non-nullable property 'ProductId' must contain a non-null value when exiting constructor. Consider adding the 'required' modifier or declaring the property as nullable. [C:\Users\vmura\source\repos\ProductWebSite\SatisSitesi.Domain\SatisSitesi.Domain.csproj]
C:\Users\vmura\source\repos\ProductWebSite\SatisSitesi.Domain\Entities\OrderEntity.cs(27,23): warning CS8618: Non-nullable property 'ProductName' must contain a non-null value when exiting constructor. Consider adding the 'required' modifier or declaring the property as nullable. [C:\Users\vmura\source\repos\ProductWebSite\SatisSitesi.Domain\SatisSitesi.Domain.csproj]
C:\Users\vmura\source\repos\ProductWebSite\SatisSitesi.Domain\Entities\ProductEntity.cs(14,23): warning CS8618: Non-nullable property 'Name' must contain a non-null value when exiting constructor. Consider adding the 'required' modifier or declaring the property as nullable. [C:\Users\vmura\source\repos\ProductWebSite\SatisSitesi.Domain\SatisSitesi.Domain.csproj]
C:\Users\vmura\source\repos\ProductWebSite\SatisSitesi.Domain\Entities\ProductEntity.cs(17,23): warning CS8618: Non-nullable property 'Description' must contain a non-null value when exiting constructor. Consider adding the 'required' modifier or declaring the property as nullable. [C:\Users\vmura\source\repos\ProductWebSite\SatisSitesi.Domain\SatisSitesi.Domain.csproj]
  SatisSitesi.Domain -> C:\Users\vmura\source\repos\ProductWebSite\SatisSitesi.Domain\bin\Debug\net8.0\SatisSitesi.Domain.dll
C:\Users\vmura\source\repos\ProductWebSite\SatisSitesi.Application\Models\CartModel.cs(19,123): warning CS8625: Cannot convert null literal to non-nullable reference type. [C:\Users\vmura\source\repos\ProductWebSite\SatisSitesi.Application\SatisSitesi.Application.csproj]
C:\Users\vmura\source\repos\ProductWebSite\SatisSitesi.Application\Models\OrderViewModel.cs(28,123): warning CS8625: Cannot convert null literal to non-nullable reference type. [C:\Users\vmura\source\repos\ProductWebSite\SatisSitesi.Application\SatisSitesi.Application.csproj]
C:\Users\vmura\source\repos\ProductWebSite\SatisSitesi.Application\Models\ProductIndexModel.cs(20,23): warning CS8618: Non-nullable property 'Id' must contain a non-null value when exiting constructor. Consider adding the 'required' modifier or declaring the property as nullable. [C:\Users\vmura\source\repos\ProductWebSite\SatisSitesi.Application\SatisSitesi.Application.csproj]
C:\Users\vmura\source\repos\ProductWebSite\SatisSitesi.Application\Models\ProductIndexModel.cs(21,23): warning CS8618: Non-nullable property 'Name' must contain a non-null value when exiting constructor. Consider adding the 'required' modifier or declaring the property as nullable. [C:\Users\vmura\source\repos\ProductWebSite\SatisSitesi.Application\SatisSitesi.Application.csproj]
C:\Users\vmura\source\repos\ProductWebSite\SatisSitesi.Application\Models\ProductIndexModel.cs(22,23): warning CS8618: Non-nullable property 'Description' must contain a non-null value when exiting constructor. Consider adding the 'required' modifier or declaring the property as nullable. [C:\Users\vmura\source\repos\ProductWebSite\SatisSitesi.Application\SatisSitesi.Application.csproj]
C:\Users\vmura\source\repos\ProductWebSite\SatisSitesi.Application\Models\ProductIndexModel.cs(25,23): warning CS8618: Non-nullable property 'ImageUrl' must contain a non-null value when exiting constructor. Consider adding the 'required' modifier or declaring the property as nullable. [C:\Users\vmura\source\repos\ProductWebSite\SatisSitesi.Application\SatisSitesi.Application.csproj]
C:\Users\vmura\source\repos\ProductWebSite\SatisSitesi.Application\Models\ProductIndexModel.cs(27,23): warning CS8618: Non-nullable property 'BadgeText' must contain a non-null value when exiting constructor. Consider adding the 'required' modifier or declaring the property as nullable. [C:\Users\vmura\source\repos\ProductWebSite\SatisSitesi.Application\SatisSitesi.Application.csproj]
C:\Users\vmura\source\repos\ProductWebSite\SatisSitesi.Application\Models\ProductIndexModel.cs(28,23): warning CS8618: Non-nullable property 'BadgeClass' must contain a non-null value when exiting constructor. Consider adding the 'required' modifier or declaring the property as nullable. [C:\Users\vmura\source\repos\ProductWebSite\SatisSitesi.Application\SatisSitesi.Application.csproj]
C:\Users\vmura\source\repos\ProductWebSite\SatisSitesi.Application\Models\OrderViewModel.cs(21,23): warning CS8618: Non-nullable property 'ProductId' must contain a non-null value when exiting constructor. Consider adding the 'required' modifier or declaring the property as nullable. [C:\Users\vmura\source\repos\ProductWebSite\SatisSitesi.Application\SatisSitesi.Application.csproj]
C:\Users\vmura\source\repos\ProductWebSite\SatisSitesi.Application\Models\OrderViewModel.cs(22,23): warning CS8618: Non-nullable property 'ProductName' must contain a non-null value when exiting constructor. Consider adding the 'required' modifier or declaring the property as nullable. [C:\Users\vmura\source\repos\ProductWebSite\SatisSitesi.Application\SatisSitesi.Application.csproj]
C:\Users\vmura\source\repos\ProductWebSite\SatisSitesi.Application\Models\OrderViewModel.cs(25,23): warning CS8618: Non-nullable property 'ImageUrl' must contain a non-null value when exiting constructor. Consider adding the 'required' modifier or declaring the property as nullable. [C:\Users\vmura\source\repos\ProductWebSite\SatisSitesi.Application\SatisSitesi.Application.csproj]
C:\Users\vmura\source\repos\ProductWebSite\SatisSitesi.Application\Services\AuthService.cs(44,24): warning CS8603: Possible null reference return. [C:\Users\vmura\source\repos\ProductWebSite\SatisSitesi.Application\SatisSitesi.Application.csproj]
C:\Users\vmura\source\repos\ProductWebSite\SatisSitesi.Application\Services\AuthService.cs(59,28): warning CS8603: Possible null reference return. [C:\Users\vmura\source\repos\ProductWebSite\SatisSitesi.Application\SatisSitesi.Application.csproj]
C:\Users\vmura\source\repos\ProductWebSite\SatisSitesi.Application\Services\AuthService.cs(67,24): warning CS8603: Possible null reference return. [C:\Users\vmura\source\repos\ProductWebSite\SatisSitesi.Application\SatisSitesi.Application.csproj]
C:\Users\vmura\source\repos\ProductWebSite\SatisSitesi.Application\Models\CartModel.cs(8,23): warning CS8618: Non-nullable property 'Id' must contain a non-null value when exiting constructor. Consider adding the 'required' modifier or declaring the property as nullable. [C:\Users\vmura\source\repos\ProductWebSite\SatisSitesi.Application\SatisSitesi.Application.csproj]
C:\Users\vmura\source\repos\ProductWebSite\SatisSitesi.Application\Models\CartModel.cs(9,23): warning CS8618: Non-nullable property 'ProductId' must contain a non-null value when exiting constructor. Consider adding the 'required' modifier or declaring the property as nullable. [C:\Users\vmura\source\repos\ProductWebSite\SatisSitesi.Application\SatisSitesi.Application.csproj]
C:\Users\vmura\source\repos\ProductWebSite\SatisSitesi.Application\Models\CartModel.cs(10,23): warning CS8618: Non-nullable property 'ProductName' must contain a non-null value when exiting constructor. Consider adding the 'required' modifier or declaring the property as nullable. [C:\Users\vmura\source\repos\ProductWebSite\SatisSitesi.Application\SatisSitesi.Application.csproj]
C:\Users\vmura\source\repos\ProductWebSite\SatisSitesi.Application\Models\CartModel.cs(11,23): warning CS8618: Non-nullable property 'ImageUrl' must contain a non-null value when exiting constructor. Consider adding the 'required' modifier or declaring the property as nullable. [C:\Users\vmura\source\repos\ProductWebSite\SatisSitesi.Application\SatisSitesi.Application.csproj]
C:\Users\vmura\source\repos\ProductWebSite\SatisSitesi.Application\Models\DashboardModel.cs(28,30): warning CS8618: Non-nullable property 'RevenueChartData' must contain a non-null value when exiting constructor. Consider adding the 'required' modifier or declaring the property as nullable. [C:\Users\vmura\source\repos\ProductWebSite\SatisSitesi.Application\SatisSitesi.Application.csproj]
C:\Users\vmura\source\repos\ProductWebSite\SatisSitesi.Application\Models\DashboardModel.cs(29,26): warning CS8618: Non-nullable property 'OrdersChartData' must contain a non-null value when exiting constructor. Consider adding the 'required' modifier or declaring the property as nullable. [C:\Users\vmura\source\repos\ProductWebSite\SatisSitesi.Application\SatisSitesi.Application.csproj]
C:\Users\vmura\source\repos\ProductWebSite\SatisSitesi.Application\Models\DashboardModel.cs(30,29): warning CS8618: Non-nullable property 'ChartLabels' must contain a non-null value when exiting constructor. Consider adding the 'required' modifier or declaring the property as nullable. [C:\Users\vmura\source\repos\ProductWebSite\SatisSitesi.Application\SatisSitesi.Application.csproj]
C:\Users\vmura\source\repos\ProductWebSite\SatisSitesi.Application\Models\DashboardModel.cs(35,23): warning CS8618: Non-nullable property 'Initials' must contain a non-null value when exiting constructor. Consider adding the 'required' modifier or declaring the property as nullable. [C:\Users\vmura\source\repos\ProductWebSite\SatisSitesi.Application\SatisSitesi.Application.csproj]
C:\Users\vmura\source\repos\ProductWebSite\SatisSitesi.Application\Models\DashboardModel.cs(36,23): warning CS8618: Non-nullable property 'Name' must contain a non-null value when exiting constructor. Consider adding the 'required' modifier or declaring the property as nullable. [C:\Users\vmura\source\repos\ProductWebSite\SatisSitesi.Application\SatisSitesi.Application.csproj]
C:\Users\vmura\source\repos\ProductWebSite\SatisSitesi.Application\Models\DashboardModel.cs(37,23): warning CS8618: Non-nullable property 'Email' must contain a non-null value when exiting constructor. Consider adding the 'required' modifier or declaring the property as nullable. [C:\Users\vmura\source\repos\ProductWebSite\SatisSitesi.Application\SatisSitesi.Application.csproj]
C:\Users\vmura\source\repos\ProductWebSite\SatisSitesi.Application\Models\DashboardModel.cs(39,23): warning CS8618: Non-nullable property 'ColorClass' must contain a non-null value when exiting constructor. Consider adding the 'required' modifier or declaring the property as nullable. [C:\Users\vmura\source\repos\ProductWebSite\SatisSitesi.Application\SatisSitesi.Application.csproj]
C:\Users\vmura\source\repos\ProductWebSite\SatisSitesi.Application\Services\MyMemoryTranslationService.cs(55,33): warning CS8618: Non-nullable property 'ResponseData' must contain a non-null value when exiting constructor. Consider adding the 'required' modifier or declaring the property as nullable. [C:\Users\vmura\source\repos\ProductWebSite\SatisSitesi.Application\SatisSitesi.Application.csproj]
C:\Users\vmura\source\repos\ProductWebSite\SatisSitesi.Application\Services\MyMemoryTranslationService.cs(60,27): warning CS8618: Non-nullable property 'TranslatedText' must contain a non-null value when exiting constructor. Consider adding the 'required' modifier or declaring the property as nullable. [C:\Users\vmura\source\repos\ProductWebSite\SatisSitesi.Application\SatisSitesi.Application.csproj]
C:\Users\vmura\source\repos\ProductWebSite\SatisSitesi.Application\Models\OrderViewModel.cs(9,23): warning CS8618: Non-nullable property 'Id' must contain a non-null value when exiting constructor. Consider adding the 'required' modifier or declaring the property as nullable. [C:\Users\vmura\source\repos\ProductWebSite\SatisSitesi.Application\SatisSitesi.Application.csproj]
C:\Users\vmura\source\repos\ProductWebSite\SatisSitesi.Application\Models\OrderViewModel.cs(10,23): warning CS8618: Non-nullable property 'UserId' must contain a non-null value when exiting constructor. Consider adding the 'required' modifier or declaring the property as nullable. [C:\Users\vmura\source\repos\ProductWebSite\SatisSitesi.Application\SatisSitesi.Application.csproj]
C:\Users\vmura\source\repos\ProductWebSite\SatisSitesi.Application\Models\OrderViewModel.cs(11,23): warning CS8618: Non-nullable property 'UserEmail' must contain a non-null value when exiting constructor. Consider adding the 'required' modifier or declaring the property as nullable. [C:\Users\vmura\source\repos\ProductWebSite\SatisSitesi.Application\SatisSitesi.Application.csproj]
C:\Users\vmura\source\repos\ProductWebSite\SatisSitesi.Application\Models\OrderViewModel.cs(13,23): warning CS8618: Non-nullable property 'Status' must contain a non-null value when exiting constructor. Consider adding the 'required' modifier or declaring the property as nullable. [C:\Users\vmura\source\repos\ProductWebSite\SatisSitesi.Application\SatisSitesi.Application.csproj]
C:\Users\vmura\source\repos\ProductWebSite\SatisSitesi.Application\Models\DashboardModel.cs(44,23): warning CS8618: Non-nullable property 'Name' must contain a non-null value when exiting constructor. Consider adding the 'required' modifier or declaring the property as nullable. [C:\Users\vmura\source\repos\ProductWebSite\SatisSitesi.Application\SatisSitesi.Application.csproj]
C:\Users\vmura\source\repos\ProductWebSite\SatisSitesi.Application\Models\OrderIndexModel.cs(9,23): warning CS8618: Non-nullable property 'Search' must contain a non-null value when exiting constructor. Consider adding the 'required' modifier or declaring the property as nullable. [C:\Users\vmura\source\repos\ProductWebSite\SatisSitesi.Application\SatisSitesi.Application.csproj]
C:\Users\vmura\source\repos\ProductWebSite\SatisSitesi.Application\Models\OrderIndexModel.cs(10,23): warning CS8618: Non-nullable property 'SortBy' must contain a non-null value when exiting constructor. Consider adding the 'required' modifier or declaring the property as nullable. [C:\Users\vmura\source\repos\ProductWebSite\SatisSitesi.Application\SatisSitesi.Application.csproj]
C:\Users\vmura\source\repos\ProductWebSite\SatisSitesi.Application\Models\NameModel.cs(10,23): warning CS8618: Non-nullable property 'Name' must contain a non-null value when exiting constructor. Consider adding the 'required' modifier or declaring the property as nullable. [C:\Users\vmura\source\repos\ProductWebSite\SatisSitesi.Application\SatisSitesi.Application.csproj]
C:\Users\vmura\source\repos\ProductWebSite\SatisSitesi.Application\Models\NameIndexModel.cs(17,23): warning CS8618: Non-nullable property 'Id' must contain a non-null value when exiting constructor. Consider adding the 'required' modifier or declaring the property as nullable. [C:\Users\vmura\source\repos\ProductWebSite\SatisSitesi.Application\SatisSitesi.Application.csproj]
C:\Users\vmura\source\repos\ProductWebSite\SatisSitesi.Application\Models\NameIndexModel.cs(18,23): warning CS8618: Non-nullable property 'Initials' must contain a non-null value when exiting constructor. Consider adding the 'required' modifier or declaring the property as nullable. [C:\Users\vmura\source\repos\ProductWebSite\SatisSitesi.Application\SatisSitesi.Application.csproj]
C:\Users\vmura\source\repos\ProductWebSite\SatisSitesi.Application\Models\NameIndexModel.cs(19,23): warning CS8618: Non-nullable property 'Name' must contain a non-null value when exiting constructor. Consider adding the 'required' modifier or declaring the property as nullable. [C:\Users\vmura\source\repos\ProductWebSite\SatisSitesi.Application\SatisSitesi.Application.csproj]
C:\Users\vmura\source\repos\ProductWebSite\SatisSitesi.Application\Models\NameIndexModel.cs(20,23): warning CS8618: Non-nullable property 'Email' must contain a non-null value when exiting constructor. Consider adding the 'required' modifier or declaring the property as nullable. [C:\Users\vmura\source\repos\ProductWebSite\SatisSitesi.Application\SatisSitesi.Application.csproj]
C:\Users\vmura\source\repos\ProductWebSite\SatisSitesi.Application\Models\NameIndexModel.cs(21,23): warning CS8618: Non-nullable property 'Role' must contain a non-null value when exiting constructor. Consider adding the 'required' modifier or declaring the property as nullable. [C:\Users\vmura\source\repos\ProductWebSite\SatisSitesi.Application\SatisSitesi.Application.csproj]
C:\Users\vmura\source\repos\ProductWebSite\SatisSitesi.Application\Models\NameIndexModel.cs(22,23): warning CS8618: Non-nullable property 'Status' must contain a non-null value when exiting constructor. Consider adding the 'required' modifier or declaring the property as nullable. [C:\Users\vmura\source\repos\ProductWebSite\SatisSitesi.Application\SatisSitesi.Application.csproj]
C:\Users\vmura\source\repos\ProductWebSite\SatisSitesi.Application\Models\NameIndexModel.cs(23,23): warning CS8618: Non-nullable property 'StatusColor' must contain a non-null value when exiting constructor. Consider adding the 'required' modifier or declaring the property as nullable. [C:\Users\vmura\source\repos\ProductWebSite\SatisSitesi.Application\SatisSitesi.Application.csproj]
C:\Users\vmura\source\repos\ProductWebSite\SatisSitesi.Application\Models\DashboardModel.cs(6,23): warning CS8618: Non-nullable property 'RevenueGrowth' must contain a non-null value when exiting constructor. Consider adding the 'required' modifier or declaring the property as nullable. [C:\Users\vmura\source\repos\ProductWebSite\SatisSitesi.Application\SatisSitesi.Application.csproj]
C:\Users\vmura\source\repos\ProductWebSite\SatisSitesi.Application\Models\DashboardModel.cs(10,23): warning CS8618: Non-nullable property 'UsersGrowth' must contain a non-null value when exiting constructor. Consider adding the 'required' modifier or declaring the property as nullable. [C:\Users\vmura\source\repos\ProductWebSite\SatisSitesi.Application\SatisSitesi.Application.csproj]
C:\Users\vmura\source\repos\ProductWebSite\SatisSitesi.Application\Models\DashboardModel.cs(14,23): warning CS8618: Non-nullable property 'SalesGrowth' must contain a non-null value when exiting constructor. Consider adding the 'required' modifier or declaring the property as nullable. [C:\Users\vmura\source\repos\ProductWebSite\SatisSitesi.Application\SatisSitesi.Application.csproj]
C:\Users\vmura\source\repos\ProductWebSite\SatisSitesi.Application\Models\DashboardModel.cs(18,23): warning CS8618: Non-nullable property 'ProductsGrowth' must contain a non-null value when exiting constructor. Consider adding the 'required' modifier or declaring the property as nullable. [C:\Users\vmura\source\repos\ProductWebSite\SatisSitesi.Application\SatisSitesi.Application.csproj]
C:\Users\vmura\source\repos\ProductWebSite\SatisSitesi.Application\Models\DashboardModel.cs(21,38): warning CS8618: Non-nullable property 'RecentSales' must contain a non-null value when exiting constructor. Consider adding the 'required' modifier or declaring the property as nullable. [C:\Users\vmura\source\repos\ProductWebSite\SatisSitesi.Application\SatisSitesi.Application.csproj]
C:\Users\vmura\source\repos\ProductWebSite\SatisSitesi.Application\Models\DashboardModel.cs(22,38): warning CS8618: Non-nullable property 'TopProducts' must contain a non-null value when exiting constructor. Consider adding the 'required' modifier or declaring the property as nullable. [C:\Users\vmura\source\repos\ProductWebSite\SatisSitesi.Application\SatisSitesi.Application.csproj]
C:\Users\vmura\source\repos\ProductWebSite\SatisSitesi.Application\Models\NameIndexModel.cs(9,23): warning CS8618: Non-nullable property 'Search' must contain a non-null value when exiting constructor. Consider adding the 'required' modifier or declaring the property as nullable. [C:\Users\vmura\source\repos\ProductWebSite\SatisSitesi.Application\SatisSitesi.Application.csproj]
C:\Users\vmura\source\repos\ProductWebSite\SatisSitesi.Application\Services\ProductService.cs(93,56): error CS1061: 'ProductEntity' does not contain a definition for 'ImageUrl' and no accessible extension method 'ImageUrl' accepting a first argument of type 'ProductEntity' could be found (are you missing a using directive or an assembly reference?) [C:\Users\vmura\source\repos\ProductWebSite\SatisSitesi.Application\SatisSitesi.Application.csproj]
C:\Users\vmura\source\repos\ProductWebSite\SatisSitesi.Application\Services\ProductService.cs(93,70): error CS1061: 'ProductEntity' does not contain a definition for 'ImageUrl' and no accessible extension method 'ImageUrl' accepting a first argument of type 'ProductEntity' could be found (are you missing a using directive or an assembly reference?) [C:\Users\vmura\source\repos\ProductWebSite\SatisSitesi.Application\SatisSitesi.Application.csproj]
C:\Users\vmura\source\repos\ProductWebSite\SatisSitesi.Application\Services\CartService.cs(171,81): error CS1061: 'ProductEntity' does not contain a definition for 'ImageUrl' and no accessible extension method 'ImageUrl' accepting a first argument of type 'ProductEntity' could be found (are you missing a using directive or an assembly reference?) [C:\Users\vmura\source\repos\ProductWebSite\SatisSitesi.Application\SatisSitesi.Application.csproj]
C:\Users\vmura\source\repos\ProductWebSite\SatisSitesi.Application\Services\CartService.cs(171,101): error CS1061: 'ProductEntity' does not contain a definition for 'ImageUrl' and no accessible extension method 'ImageUrl' accepting a first argument of type 'ProductEntity' could be found (are you missing a using directive or an assembly reference?) [C:\Users\vmura\source\repos\ProductWebSite\SatisSitesi.Application\SatisSitesi.Application.csproj]
C:\Users\vmura\source\repos\ProductWebSite\SatisSitesi.Application\Services\OrderService.cs(203,85): error CS1061: 'ProductEntity' does not contain a definition for 'ImageUrl' and no accessible extension method 'ImageUrl' accepting a first argument of type 'ProductEntity' could be found (are you missing a using directive or an assembly reference?) [C:\Users\vmura\source\repos\ProductWebSite\SatisSitesi.Application\SatisSitesi.Application.csproj]
C:\Users\vmura\source\repos\ProductWebSite\SatisSitesi.Application\Services\OrderService.cs(203,105): error CS1061: 'ProductEntity' does not contain a definition for 'ImageUrl' and no accessible extension method 'ImageUrl' accepting a first argument of type 'ProductEntity' could be found (are you missing a using directive or an assembly reference?) [C:\Users\vmura\source\repos\ProductWebSite\SatisSitesi.Application\SatisSitesi.Application.csproj]
C:\Users\vmura\source\repos\ProductWebSite\SatisSitesi.Application\Services\OrderService.cs(185,39): warning CS8603: Possible null reference return. [C:\Users\vmura\source\repos\ProductWebSite\SatisSitesi.Application\SatisSitesi.Application.csproj]

Build FAILED.

C:\Users\vmura\source\repos\ProductWebSite\SatisSitesi.Domain\Entities\OrderEntity.cs(35,123): warning CS8625: Cannot convert null literal to non-nullable reference type. [C:\Users\vmura\source\repos\ProductWebSite\SatisSitesi.Domain\SatisSitesi.Domain.csproj]
C:\Users\vmura\source\repos\ProductWebSite\SatisSitesi.Domain\Entities\ProductEntity.cs(30,89): warning CS8625: Cannot convert null literal to non-nullable reference type. [C:\Users\vmura\source\repos\ProductWebSite\SatisSitesi.Domain\SatisSitesi.Domain.csproj]
C:\Users\vmura\source\repos\ProductWebSite\SatisSitesi.Domain\Entities\ProductEntity.cs(44,130): warning CS8625: Cannot convert null literal to non-nullable reference type. [C:\Users\vmura\source\repos\ProductWebSite\SatisSitesi.Domain\SatisSitesi.Domain.csproj]
C:\Users\vmura\source\repos\ProductWebSite\SatisSitesi.Domain\Entities\UserEntity.cs(12,23): warning CS8618: Non-nullable property 'Username' must contain a non-null value when exiting constructor. Consider adding the 'required' modifier or declaring the property as nullable. [C:\Users\vmura\source\repos\ProductWebSite\SatisSitesi.Domain\SatisSitesi.Domain.csproj]
C:\Users\vmura\source\repos\ProductWebSite\SatisSitesi.Domain\Entities\UserEntity.cs(16,23): warning CS8618: Non-nullable property 'Email' must contain a non-null value when exiting constructor. Consider adding the 'required' modifier or declaring the property as nullable. [C:\Users\vmura\source\repos\ProductWebSite\SatisSitesi.Domain\SatisSitesi.Domain.csproj]
C:\Users\vmura\source\repos\ProductWebSite\SatisSitesi.Domain\Entities\UserEntity.cs(19,23): warning CS8618: Non-nullable property 'Password' must contain a non-null value when exiting constructor. Consider adding the 'required' modifier or declaring the property as nullable. [C:\Users\vmura\source\repos\ProductWebSite\SatisSitesi.Domain\SatisSitesi.Domain.csproj]
C:\Users\vmura\source\repos\ProductWebSite\SatisSitesi.Domain\Entities\HelloEntity.cs(9,23): warning CS8618: Non-nullable property 'Name' must contain a non-null value when exiting constructor. Consider adding the 'required' modifier or declaring the property as nullable. [C:\Users\vmura\source\repos\ProductWebSite\SatisSitesi.Domain\SatisSitesi.Domain.csproj]
C:\Users\vmura\source\repos\ProductWebSite\SatisSitesi.Domain\Entities\CartEntity.cs(11,23): warning CS8618: Non-nullable property 'ProductId' must contain a non-null value when exiting constructor. Consider adding the 'required' modifier or declaring the property as nullable. [C:\Users\vmura\source\repos\ProductWebSite\SatisSitesi.Domain\SatisSitesi.Domain.csproj]
C:\Users\vmura\source\repos\ProductWebSite\SatisSitesi.Domain\Entities\CartEntity.cs(5,23): warning CS8618: Non-nullable property 'UserId' must contain a non-null value when exiting constructor. Consider adding the 'required' modifier or declaring the property as nullable. [C:\Users\vmura\source\repos\ProductWebSite\SatisSitesi.Domain\SatisSitesi.Domain.csproj]
C:\Users\vmura\source\repos\ProductWebSite\SatisSitesi.Domain\Entities\NameEntity.cs(12,23): warning CS8618: Non-nullable property 'Name' must contain a non-null value when exiting constructor. Consider adding the 'required' modifier or declaring the property as nullable. [C:\Users\vmura\source\repos\ProductWebSite\SatisSitesi.Domain\SatisSitesi.Domain.csproj]
C:\Users\vmura\source\repos\ProductWebSite\SatisSitesi.Domain\Entities\BaseEntity.cs(10,23): warning CS8618: Non-nullable property 'Id' must contain a non-null value when exiting constructor. Consider adding the 'required' modifier or declaring the property as nullable. [C:\Users\vmura\source\repos\ProductWebSite\SatisSitesi.Domain\SatisSitesi.Domain.csproj]
C:\Users\vmura\source\repos\ProductWebSite\SatisSitesi.Domain\Entities\OrderEntity.cs(12,23): warning CS8618: Non-nullable property 'UserId' must contain a non-null value when exiting constructor. Consider adding the 'required' modifier or declaring the property as nullable. [C:\Users\vmura\source\repos\ProductWebSite\SatisSitesi.Domain\SatisSitesi.Domain.csproj]
C:\Users\vmura\source\repos\ProductWebSite\SatisSitesi.Domain\Entities\OrderEntity.cs(14,23): warning CS8618: Non-nullable property 'UserEmail' must contain a non-null value when exiting constructor. Consider adding the 'required' modifier or declaring the property as nullable. [C:\Users\vmura\source\repos\ProductWebSite\SatisSitesi.Domain\SatisSitesi.Domain.csproj]
C:\Users\vmura\source\repos\ProductWebSite\SatisSitesi.Domain\Entities\OrderEntity.cs(16,32): warning CS8618: Non-nullable property 'Items' must contain a non-null value when exiting constructor. Consider adding the 'required' modifier or declaring the property as nullable. [C:\Users\vmura\source\repos\ProductWebSite\SatisSitesi.Domain\SatisSitesi.Domain.csproj]
C:\Users\vmura\source\repos\ProductWebSite\SatisSitesi.Domain\Entities\OrderEntity.cs(25,23): warning CS8618: Non-nullable property 'ProductId' must contain a non-null value when exiting constructor. Consider adding the 'required' modifier or declaring the property as nullable. [C:\Users\vmura\source\repos\ProductWebSite\SatisSitesi.Domain\SatisSitesi.Domain.csproj]
C:\Users\vmura\source\repos\ProductWebSite\SatisSitesi.Domain\Entities\OrderEntity.cs(27,23): warning CS8618: Non-nullable property 'ProductName' must contain a non-null value when exiting constructor. Consider adding the 'required' modifier or declaring the property as nullable. [C:\Users\vmura\source\repos\ProductWebSite\SatisSitesi.Domain\SatisSitesi.Domain.csproj]
C:\Users\vmura\source\repos\ProductWebSite\SatisSitesi.Domain\Entities\ProductEntity.cs(14,23): warning CS8618: Non-nullable property 'Name' must contain a non-null value when exiting constructor. Consider adding the 'required' modifier or declaring the property as nullable. [C:\Users\vmura\source\repos\ProductWebSite\SatisSitesi.Domain\SatisSitesi.Domain.csproj]
C:\Users\vmura\source\repos\ProductWebSite\SatisSitesi.Domain\Entities\ProductEntity.cs(17,23): warning CS8618: Non-nullable property 'Description' must contain a non-null value when exiting constructor. Consider adding the 'required' modifier or declaring the property as nullable. [C:\Users\vmura\source\repos\ProductWebSite\SatisSitesi.Domain\SatisSitesi.Domain.csproj]
C:\Users\vmura\source\repos\ProductWebSite\SatisSitesi.Application\Models\CartModel.cs(19,123): warning CS8625: Cannot convert null literal to non-nullable reference type. [C:\Users\vmura\source\repos\ProductWebSite\SatisSitesi.Application\SatisSitesi.Application.csproj]
C:\Users\vmura\source\repos\ProductWebSite\SatisSitesi.Application\Models\OrderViewModel.cs(28,123): warning CS8625: Cannot convert null literal to non-nullable reference type. [C:\Users\vmura\source\repos\ProductWebSite\SatisSitesi.Application\SatisSitesi.Application.csproj]
C:\Users\vmura\source\repos\ProductWebSite\SatisSitesi.Application\Models\ProductIndexModel.cs(20,23): warning CS8618: Non-nullable property 'Id' must contain a non-null value when exiting constructor. Consider adding the 'required' modifier or declaring the property as nullable. [C:\Users\vmura\source\repos\ProductWebSite\SatisSitesi.Application\SatisSitesi.Application.csproj]
C:\Users\vmura\source\repos\ProductWebSite\SatisSitesi.Application\Models\ProductIndexModel.cs(21,23): warning CS8618: Non-nullable property 'Name' must contain a non-null value when exiting constructor. Consider adding the 'required' modifier or declaring the property as nullable. [C:\Users\vmura\source\repos\ProductWebSite\SatisSitesi.Application\SatisSitesi.Application.csproj]
C:\Users\vmura\source\repos\ProductWebSite\SatisSitesi.Application\Models\ProductIndexModel.cs(22,23): warning CS8618: Non-nullable property 'Description' must contain a non-null value when exiting constructor. Consider adding the 'required' modifier or declaring the property as nullable. [C:\Users\vmura\source\repos\ProductWebSite\SatisSitesi.Application\SatisSitesi.Application.csproj]
C:\Users\vmura\source\repos\ProductWebSite\SatisSitesi.Application\Models\ProductIndexModel.cs(25,23): warning CS8618: Non-nullable property 'ImageUrl' must contain a non-null value when exiting constructor. Consider adding the 'required' modifier or declaring the property as nullable. [C:\Users\vmura\source\repos\ProductWebSite\SatisSitesi.Application\SatisSitesi.Application.csproj]
C:\Users\vmura\source\repos\ProductWebSite\SatisSitesi.Application\Models\ProductIndexModel.cs(27,23): warning CS8618: Non-nullable property 'BadgeText' must contain a non-null value when exiting constructor. Consider adding the 'required' modifier or declaring the property as nullable. [C:\Users\vmura\source\repos\ProductWebSite\SatisSitesi.Application\SatisSitesi.Application.csproj]
C:\Users\vmura\source\repos\ProductWebSite\SatisSitesi.Application\Models\ProductIndexModel.cs(28,23): warning CS8618: Non-nullable property 'BadgeClass' must contain a non-null value when exiting constructor. Consider adding the 'required' modifier or declaring the property as nullable. [C:\Users\vmura\source\repos\ProductWebSite\SatisSitesi.Application\SatisSitesi.Application.csproj]
C:\Users\vmura\source\repos\ProductWebSite\SatisSitesi.Application\Models\OrderViewModel.cs(21,23): warning CS8618: Non-nullable property 'ProductId' must contain a non-null value when exiting constructor. Consider adding the 'required' modifier or declaring the property as nullable. [C:\Users\vmura\source\repos\ProductWebSite\SatisSitesi.Application\SatisSitesi.Application.csproj]
C:\Users\vmura\source\repos\ProductWebSite\SatisSitesi.Application\Models\OrderViewModel.cs(22,23): warning CS8618: Non-nullable property 'ProductName' must contain a non-null value when exiting constructor. Consider adding the 'required' modifier or declaring the property as nullable. [C:\Users\vmura\source\repos\ProductWebSite\SatisSitesi.Application\SatisSitesi.Application.csproj]
C:\Users\vmura\source\repos\ProductWebSite\SatisSitesi.Application\Models\OrderViewModel.cs(25,23): warning CS8618: Non-nullable property 'ImageUrl' must contain a non-null value when exiting constructor. Consider adding the 'required' modifier or declaring the property as nullable. [C:\Users\vmura\source\repos\ProductWebSite\SatisSitesi.Application\SatisSitesi.Application.csproj]
C:\Users\vmura\source\repos\ProductWebSite\SatisSitesi.Application\Services\AuthService.cs(44,24): warning CS8603: Possible null reference return. [C:\Users\vmura\source\repos\ProductWebSite\SatisSitesi.Application\SatisSitesi.Application.csproj]
C:\Users\vmura\source\repos\ProductWebSite\SatisSitesi.Application\Services\AuthService.cs(59,28): warning CS8603: Possible null reference return. [C:\Users\vmura\source\repos\ProductWebSite\SatisSitesi.Application\SatisSitesi.Application.csproj]
C:\Users\vmura\source\repos\ProductWebSite\SatisSitesi.Application\Services\AuthService.cs(67,24): warning CS8603: Possible null reference return. [C:\Users\vmura\source\repos\ProductWebSite\SatisSitesi.Application\SatisSitesi.Application.csproj]
C:\Users\vmura\source\repos\ProductWebSite\SatisSitesi.Application\Models\CartModel.cs(8,23): warning CS8618: Non-nullable property 'Id' must contain a non-null value when exiting constructor. Consider adding the 'required' modifier or declaring the property as nullable. [C:\Users\vmura\source\repos\ProductWebSite\SatisSitesi.Application\SatisSitesi.Application.csproj]
C:\Users\vmura\source\repos\ProductWebSite\SatisSitesi.Application\Models\CartModel.cs(9,23): warning CS8618: Non-nullable property 'ProductId' must contain a non-null value when exiting constructor. Consider adding the 'required' modifier or declaring the property as nullable. [C:\Users\vmura\source\repos\ProductWebSite\SatisSitesi.Application\SatisSitesi.Application.csproj]
C:\Users\vmura\source\repos\ProductWebSite\SatisSitesi.Application\Models\CartModel.cs(10,23): warning CS8618: Non-nullable property 'ProductName' must contain a non-null value when exiting constructor. Consider adding the 'required' modifier or declaring the property as nullable. [C:\Users\vmura\source\repos\ProductWebSite\SatisSitesi.Application\SatisSitesi.Application.csproj]
C:\Users\vmura\source\repos\ProductWebSite\SatisSitesi.Application\Models\CartModel.cs(11,23): warning CS8618: Non-nullable property 'ImageUrl' must contain a non-null value when exiting constructor. Consider adding the 'required' modifier or declaring the property as nullable. [C:\Users\vmura\source\repos\ProductWebSite\SatisSitesi.Application\SatisSitesi.Application.csproj]
C:\Users\vmura\source\repos\ProductWebSite\SatisSitesi.Application\Models\DashboardModel.cs(28,30): warning CS8618: Non-nullable property 'RevenueChartData' must contain a non-null value when exiting constructor. Consider adding the 'required' modifier or declaring the property as nullable. [C:\Users\vmura\source\repos\ProductWebSite\SatisSitesi.Application\SatisSitesi.Application.csproj]
C:\Users\vmura\source\repos\ProductWebSite\SatisSitesi.Application\Models\DashboardModel.cs(29,26): warning CS8618: Non-nullable property 'OrdersChartData' must contain a non-null value when exiting constructor. Consider adding the 'required' modifier or declaring the property as nullable. [C:\Users\vmura\source\repos\ProductWebSite\SatisSitesi.Application\SatisSitesi.Application.csproj]
C:\Users\vmura\source\repos\ProductWebSite\SatisSitesi.Application\Models\DashboardModel.cs(30,29): warning CS8618: Non-nullable property 'ChartLabels' must contain a non-null value when exiting constructor. Consider adding the 'required' modifier or declaring the property as nullable. [C:\Users\vmura\source\repos\ProductWebSite\SatisSitesi.Application\SatisSitesi.Application.csproj]
C:\Users\vmura\source\repos\ProductWebSite\SatisSitesi.Application\Models\DashboardModel.cs(35,23): warning CS8618: Non-nullable property 'Initials' must contain a non-null value when exiting constructor. Consider adding the 'required' modifier or declaring the property as nullable. [C:\Users\vmura\source\repos\ProductWebSite\SatisSitesi.Application\SatisSitesi.Application.csproj]
C:\Users\vmura\source\repos\ProductWebSite\SatisSitesi.Application\Models\DashboardModel.cs(36,23): warning CS8618: Non-nullable property 'Name' must contain a non-null value when exiting constructor. Consider adding the 'required' modifier or declaring the property as nullable. [C:\Users\vmura\source\repos\ProductWebSite\SatisSitesi.Application\SatisSitesi.Application.csproj]
C:\Users\vmura\source\repos\ProductWebSite\SatisSitesi.Application\Models\DashboardModel.cs(37,23): warning CS8618: Non-nullable property 'Email' must contain a non-null value when exiting constructor. Consider adding the 'required' modifier or declaring the property as nullable. [C:\Users\vmura\source\repos\ProductWebSite\SatisSitesi.Application\SatisSitesi.Application.csproj]
C:\Users\vmura\source\repos\ProductWebSite\SatisSitesi.Application\Models\DashboardModel.cs(39,23): warning CS8618: Non-nullable property 'ColorClass' must contain a non-null value when exiting constructor. Consider adding the 'required' modifier or declaring the property as nullable. [C:\Users\vmura\source\repos\ProductWebSite\SatisSitesi.Application\SatisSitesi.Application.csproj]
C:\Users\vmura\source\repos\ProductWebSite\SatisSitesi.Application\Services\MyMemoryTranslationService.cs(55,33): warning CS8618: Non-nullable property 'ResponseData' must contain a non-null value when exiting constructor. Consider adding the 'required' modifier or declaring the property as nullable. [C:\Users\vmura\source\repos\ProductWebSite\SatisSitesi.Application\SatisSitesi.Application.csproj]
C:\Users\vmura\source\repos\ProductWebSite\SatisSitesi.Application\Services\MyMemoryTranslationService.cs(60,27): warning CS8618: Non-nullable property 'TranslatedText' must contain a non-null value when exiting constructor. Consider adding the 'required' modifier or declaring the property as nullable. [C:\Users\vmura\source\repos\ProductWebSite\SatisSitesi.Application\SatisSitesi.Application.csproj]
C:\Users\vmura\source\repos\ProductWebSite\SatisSitesi.Application\Models\OrderViewModel.cs(9,23): warning CS8618: Non-nullable property 'Id' must contain a non-null value when exiting constructor. Consider adding the 'required' modifier or declaring the property as nullable. [C:\Users\vmura\source\repos\ProductWebSite\SatisSitesi.Application\SatisSitesi.Application.csproj]
C:\Users\vmura\source\repos\ProductWebSite\SatisSitesi.Application\Models\OrderViewModel.cs(10,23): warning CS8618: Non-nullable property 'UserId' must contain a non-null value when exiting constructor. Consider adding the 'required' modifier or declaring the property as nullable. [C:\Users\vmura\source\repos\ProductWebSite\SatisSitesi.Application\SatisSitesi.Application.csproj]
C:\Users\vmura\source\repos\ProductWebSite\SatisSitesi.Application\Models\OrderViewModel.cs(11,23): warning CS8618: Non-nullable property 'UserEmail' must contain a non-null value when exiting constructor. Consider adding the 'required' modifier or declaring the property as nullable. [C:\Users\vmura\source\repos\ProductWebSite\SatisSitesi.Application\SatisSitesi.Application.csproj]
C:\Users\vmura\source\repos\ProductWebSite\SatisSitesi.Application\Models\OrderViewModel.cs(13,23): warning CS8618: Non-nullable property 'Status' must contain a non-null value when exiting constructor. Consider adding the 'required' modifier or declaring the property as nullable. [C:\Users\vmura\source\repos\ProductWebSite\SatisSitesi.Application\SatisSitesi.Application.csproj]
C:\Users\vmura\source\repos\ProductWebSite\SatisSitesi.Application\Models\DashboardModel.cs(44,23): warning CS8618: Non-nullable property 'Name' must contain a non-null value when exiting constructor. Consider adding the 'required' modifier or declaring the property as nullable. [C:\Users\vmura\source\repos\ProductWebSite\SatisSitesi.Application\SatisSitesi.Application.csproj]
C:\Users\vmura\source\repos\ProductWebSite\SatisSitesi.Application\Models\OrderIndexModel.cs(9,23): warning CS8618: Non-nullable property 'Search' must contain a non-null value when exiting constructor. Consider adding the 'required' modifier or declaring the property as nullable. [C:\Users\vmura\source\repos\ProductWebSite\SatisSitesi.Application\SatisSitesi.Application.csproj]
C:\Users\vmura\source\repos\ProductWebSite\SatisSitesi.Application\Models\OrderIndexModel.cs(10,23): warning CS8618: Non-nullable property 'SortBy' must contain a non-null value when exiting constructor. Consider adding the 'required' modifier or declaring the property as nullable. [C:\Users\vmura\source\repos\ProductWebSite\SatisSitesi.Application\SatisSitesi.Application.csproj]
C:\Users\vmura\source\repos\ProductWebSite\SatisSitesi.Application\Models\NameModel.cs(10,23): warning CS8618: Non-nullable property 'Name' must contain a non-null value when exiting constructor. Consider adding the 'required' modifier or declaring the property as nullable. [C:\Users\vmura\source\repos\ProductWebSite\SatisSitesi.Application\SatisSitesi.Application.csproj]
C:\Users\vmura\source\repos\ProductWebSite\SatisSitesi.Application\Models\NameIndexModel.cs(17,23): warning CS8618: Non-nullable property 'Id' must contain a non-null value when exiting constructor. Consider adding the 'required' modifier or declaring the property as nullable. [C:\Users\vmura\source\repos\ProductWebSite\SatisSitesi.Application\SatisSitesi.Application.csproj]
C:\Users\vmura\source\repos\ProductWebSite\SatisSitesi.Application\Models\NameIndexModel.cs(18,23): warning CS8618: Non-nullable property 'Initials' must contain a non-null value when exiting constructor. Consider adding the 'required' modifier or declaring the property as nullable. [C:\Users\vmura\source\repos\ProductWebSite\SatisSitesi.Application\SatisSitesi.Application.csproj]
C:\Users\vmura\source\repos\ProductWebSite\SatisSitesi.Application\Models\NameIndexModel.cs(19,23): warning CS8618: Non-nullable property 'Name' must contain a non-null value when exiting constructor. Consider adding the 'required' modifier or declaring the property as nullable. [C:\Users\vmura\source\repos\ProductWebSite\SatisSitesi.Application\SatisSitesi.Application.csproj]
C:\Users\vmura\source\repos\ProductWebSite\SatisSitesi.Application\Models\NameIndexModel.cs(20,23): warning CS8618: Non-nullable property 'Email' must contain a non-null value when exiting constructor. Consider adding the 'required' modifier or declaring the property as nullable. [C:\Users\vmura\source\repos\ProductWebSite\SatisSitesi.Application\SatisSitesi.Application.csproj]
C:\Users\vmura\source\repos\ProductWebSite\SatisSitesi.Application\Models\NameIndexModel.cs(21,23): warning CS8618: Non-nullable property 'Role' must contain a non-null value when exiting constructor. Consider adding the 'required' modifier or declaring the property as nullable. [C:\Users\vmura\source\repos\ProductWebSite\SatisSitesi.Application\SatisSitesi.Application.csproj]
C:\Users\vmura\source\repos\ProductWebSite\SatisSitesi.Application\Models\NameIndexModel.cs(22,23): warning CS8618: Non-nullable property 'Status' must contain a non-null value when exiting constructor. Consider adding the 'required' modifier or declaring the property as nullable. [C:\Users\vmura\source\repos\ProductWebSite\SatisSitesi.Application\SatisSitesi.Application.csproj]
C:\Users\vmura\source\repos\ProductWebSite\SatisSitesi.Application\Models\NameIndexModel.cs(23,23): warning CS8618: Non-nullable property 'StatusColor' must contain a non-null value when exiting constructor. Consider adding the 'required' modifier or declaring the property as nullable. [C:\Users\vmura\source\repos\ProductWebSite\SatisSitesi.Application\SatisSitesi.Application.csproj]
C:\Users\vmura\source\repos\ProductWebSite\SatisSitesi.Application\Models\DashboardModel.cs(6,23): warning CS8618: Non-nullable property 'RevenueGrowth' must contain a non-null value when exiting constructor. Consider adding the 'required' modifier or declaring the property as nullable. [C:\Users\vmura\source\repos\ProductWebSite\SatisSitesi.Application\SatisSitesi.Application.csproj]
C:\Users\vmura\source\repos\ProductWebSite\SatisSitesi.Application\Models\DashboardModel.cs(10,23): warning CS8618: Non-nullable property 'UsersGrowth' must contain a non-null value when exiting constructor. Consider adding the 'required' modifier or declaring the property as nullable. [C:\Users\vmura\source\repos\ProductWebSite\SatisSitesi.Application\SatisSitesi.Application.csproj]
C:\Users\vmura\source\repos\ProductWebSite\SatisSitesi.Application\Models\DashboardModel.cs(14,23): warning CS8618: Non-nullable property 'SalesGrowth' must contain a non-null value when exiting constructor. Consider adding the 'required' modifier or declaring the property as nullable. [C:\Users\vmura\source\repos\ProductWebSite\SatisSitesi.Application\SatisSitesi.Application.csproj]
C:\Users\vmura\source\repos\ProductWebSite\SatisSitesi.Application\Models\DashboardModel.cs(18,23): warning CS8618: Non-nullable property 'ProductsGrowth' must contain a non-null value when exiting constructor. Consider adding the 'required' modifier or declaring the property as nullable. [C:\Users\vmura\source\repos\ProductWebSite\SatisSitesi.Application\SatisSitesi.Application.csproj]
C:\Users\vmura\source\repos\ProductWebSite\SatisSitesi.Application\Models\DashboardModel.cs(21,38): warning CS8618: Non-nullable property 'RecentSales' must contain a non-null value when exiting constructor. Consider adding the 'required' modifier or declaring the property as nullable. [C:\Users\vmura\source\repos\ProductWebSite\SatisSitesi.Application\SatisSitesi.Application.csproj]
C:\Users\vmura\source\repos\ProductWebSite\SatisSitesi.Application\Models\DashboardModel.cs(22,38): warning CS8618: Non-nullable property 'TopProducts' must contain a non-null value when exiting constructor. Consider adding the 'required' modifier or declaring the property as nullable. [C:\Users\vmura\source\repos\ProductWebSite\SatisSitesi.Application\SatisSitesi.Application.csproj]
C:\Users\vmura\source\repos\ProductWebSite\SatisSitesi.Application\Models\NameIndexModel.cs(9,23): warning CS8618: Non-nullable property 'Search' must contain a non-null value when exiting constructor. Consider adding the 'required' modifier or declaring the property as nullable. [C:\Users\vmura\source\repos\ProductWebSite\SatisSitesi.Application\SatisSitesi.Application.csproj]
C:\Users\vmura\source\repos\ProductWebSite\SatisSitesi.Application\Services\OrderService.cs(185,39): warning CS8603: Possible null reference return. [C:\Users\vmura\source\repos\ProductWebSite\SatisSitesi.Application\SatisSitesi.Application.csproj]
C:\Users\vmura\source\repos\ProductWebSite\SatisSitesi.Application\Services\ProductService.cs(93,56): error CS1061: 'ProductEntity' does not contain a definition for 'ImageUrl' and no accessible extension method 'ImageUrl' accepting a first argument of type 'ProductEntity' could be found (are you missing a using directive or an assembly reference?) [C:\Users\vmura\source\repos\ProductWebSite\SatisSitesi.Application\SatisSitesi.Application.csproj]
C:\Users\vmura\source\repos\ProductWebSite\SatisSitesi.Application\Services\ProductService.cs(93,70): error CS1061: 'ProductEntity' does not contain a definition for 'ImageUrl' and no accessible extension method 'ImageUrl' accepting a first argument of type 'ProductEntity' could be found (are you missing a using directive or an assembly reference?) [C:\Users\vmura\source\repos\ProductWebSite\SatisSitesi.Application\SatisSitesi.Application.csproj]
C:\Users\vmura\source\repos\ProductWebSite\SatisSitesi.Application\Services\CartService.cs(171,81): error CS1061: 'ProductEntity' does not contain a definition for 'ImageUrl' and no accessible extension method 'ImageUrl' accepting a first argument of type 'ProductEntity' could be found (are you missing a using directive or an assembly reference?) [C:\Users\vmura\source\repos\ProductWebSite\SatisSitesi.Application\SatisSitesi.Application.csproj]
C:\Users\vmura\source\repos\ProductWebSite\SatisSitesi.Application\Services\CartService.cs(171,101): error CS1061: 'ProductEntity' does not contain a definition for 'ImageUrl' and no accessible extension method 'ImageUrl' accepting a first argument of type 'ProductEntity' could be found (are you missing a using directive or an assembly reference?) [C:\Users\vmura\source\repos\ProductWebSite\SatisSitesi.Application\SatisSitesi.Application.csproj]
C:\Users\vmura\source\repos\ProductWebSite\SatisSitesi.Application\Services\OrderService.cs(203,85): error CS1061: 'ProductEntity' does not contain a definition for 'ImageUrl' and no accessible extension method 'ImageUrl' accepting a first argument of type 'ProductEntity' could be found (are you missing a using directive or an assembly reference?) [C:\Users\vmura\source\repos\ProductWebSite\SatisSitesi.Application\SatisSitesi.Application.csproj]
C:\Users\vmura\source\repos\ProductWebSite\SatisSitesi.Application\Services\OrderService.cs(203,105): error CS1061: 'ProductEntity' does not contain a definition for 'ImageUrl' and no accessible extension method 'ImageUrl' accepting a first argument of type 'ProductEntity' could be found (are you missing a using directive or an assembly reference?) [C:\Users\vmura\source\repos\ProductWebSite\SatisSitesi.Application\SatisSitesi.Application.csproj]
    68 Warning(s)
    6 Error(s)

Time Elapsed 00:00:01.33

Workload updates are available. Run `dotnet workload list` for more information.
